// Jest Snapshot v1, https://goo.gl/fbAQLP

exports[`CoverageSummary renders 1`] = `
<div
  class="css-1mtyvxy-ResultGrid erefeu20"
>
  <div
    class="erefeu22 ResultGrid-Header css-1lhqp4g-Header"
  >
    <div
      class="erefeu21 ResultGrid-Column css-1oad8ub-Column"
    >
      File
    </div>
    <div
      class="erefeu21 ResultGrid-Column css-1vsx144-Column"
      style="text-align:right"
      width="80"
    >
      Diff
    </div>
    <div
      class="erefeu21 ResultGrid-Column css-1vsx144-Column"
      style="text-align:right"
      width="80"
    >
      Overall
    </div>
  </div>
  <div>
    <div
      class="erefeu23 ResultGrid-Row css-1d0bn69-Row"
    >
      <div
        class="erefeu21 ResultGrid-Column css-1oad8ub-Column"
      >
        <a>
          webapp/components/Collapsable.jsx
        </a>
      </div>
      <div
        class="erefeu21 ResultGrid-Column css-1vsx144-Column"
        style="text-align:right"
        width="80"
      >
        100%
      </div>
      <div
        class="erefeu21 ResultGrid-Column css-1vsx144-Column"
        style="text-align:right"
        width="80"
      >
        85.7%
      </div>
    </div>
  </div>
</div>
`;
