// Jest Snapshot v1, https://goo.gl/fbAQLP

exports[`ObjectAuthor renders anonymous 1`] = `""`;

exports[`ObjectAuthor renders author 1`] = `
<span>
  <styled.span>
    <Gravatar
      default="retro"
      email="foo@example.com"
      protocol="//"
      rating="g"
      size={16}
    />
  </styled.span>
  Foo Bar
</span>
`;

exports[`ObjectAuthor renders source anonymous 1`] = `""`;

exports[`ObjectAuthor renders source author 1`] = `
<span>
  <styled.span>
    <Gravatar
      default="retro"
      email="foo@example.com"
      protocol="//"
      rating="g"
      size={16}
    />
  </styled.span>
  Foo Bar
</span>
`;
